09-18 14:09:51 启用保活：silentAudio=1 renew=1 location=0 fetch=0 processing=0
09-18 14:09:52 静音保活音频已开始循环播放
09-18 14:09:52 功能已注册: keepalive
09-18 14:09:52 功能已注册: files
09-18 14:09:52 文件导入导出已就绪（导入目录：Documents）
09-18 14:09:53 悬浮窗已创建 frame={{0, 0}, {430, 932}} bounds={{0, 0}, {430, 932}} center={215, 466} transform=[1, 0, 0, 1, 0, 0] host={{0, 0}, {430, 932}}
09-18 14:09:53 回到前台 frame={{0, 0}, {430, 932}} bounds={{0, 0}, {430, 932}} transform=[1, 0, 0, 1, 0, 0] host={{0, 0}, {430, 932}} 展开=0
09-18 14:09:55 触摸命中 IPATCpWindow frame={{0, 0}, {932, 430}} hidden=0 alpha=1.00 交互=1
09-18 14:09:58 触摸命中 IPATCpWindow frame={{0, 0}, {932, 430}} hidden=0 alpha=1.00 交互=1
09-18 14:10:01 触摸命中 IPATCpWindow frame={{0, 0}, {430, 932}} hidden=0 alpha=1.00 交互=1
09-18 14:10:05 触摸命中 UIView frame={{113.48000000000002, 77.557000000000002}, {34, 34}} hidden=0 alpha=1.00 交互=1
09-18 14:10:06 动作行被点击: files.browse
09-18 14:10:06 悬浮窗临时隐藏
09-18 14:10:24 触摸命中 UINavigationBar frame={{0, 0}, {932, 78}} hidden=0 alpha=1.00
09-18 14:10:29 触摸命中 UIButton frame={{12, 0}, {932, 38}} hidden=0 alpha=1.00
09-18 14:10:34 触摸命中 UITableViewCellContentView frame={{59, 0}, {736, 52}} hidden=0 alpha=1.00
09-18 14:10:39 触摸命中 UITableViewCellContentView frame={{59, 0}, {736, 52}} hidden=0 alpha=1.00
09-18 14:10:52 触摸命中 UITableViewCellContentView frame={{59, 0}, {736, 52}} hidden=0 alpha=1.00
09-18 14:10:58 触摸命中 _UIButtonBarButton frame={{0, 0}, {123.33333333333333, 44}} hidden=0 alpha=1.00
09-18 14:10:59 悬浮窗已恢复
09-18 14:10:59 悬浮窗已恢复
09-18 14:11:00 悬浮窗已恢复
09-18 14:11:00 悬浮窗已恢复
09-18 14:11:01 触摸命中 IPATFbWindow frame={{0, 0}, {932, 430}} hidden=0 alpha=1.00
09-18 14:11:04 触摸命中 IPATFbWindow frame={{0, 0}, {932, 430}} hidden=0 alpha=1.00
09-18 14:11:07 触摸命中 IPATFbWindow frame={{0, 0}, {932, 430}} hidden=0 alpha=1.00
09-18 14:11:10 触摸命中 IPATFbWindow frame={{0, 0}, {430, 932}} hidden=0 alpha=1.00
09-18 14:11:13 触摸命中 IPATFbWindow frame={{0, 0}, {932, 430}} hidden=0 alpha=1.00
09-18 14:11:16 触摸命中 IPATFbWindow frame={{0, 0}, {932, 430}} hidden=0 alpha=1.00
09-18 14:11:19 触摸命中 IPATFbWindow frame={{0, 0}, {932, 430}} hidden=0 alpha=1.00
09-18 14:11:24 触摸命中 IPATFbWindow frame={{0, 0}, {932, 430}} hidden=0 alpha=1.00
09-18 14:11:27 回到前台 frame={{0, 0}, {932, 430}} bounds={{0, 0}, {932, 430}} transform=[1, 0, 0, 1, 0, 0] host={{0, 0}, {932, 430}} 展开=0
09-18 14:11:28 触摸命中 IPATFbWindow frame={{0, 0}, {932, 430}} hidden=0 alpha=1.00
09-18 14:11:29 后台任务续期，剩余时间约 179769313486231570814527423731704356798070567525844996598917476803157260780028538760589558632766878171540458953514382464234321326889464182768467546703537516986049910576551282076245490090389328944075868508455133942304583236903222948165808559332123348274797826204144723168738177180919299881250404026184124858368 秒
09-18 14:11:32 后台任务续期，剩余时间约 179769313486231570814527423731704356798070567525844996598917476803157260780028538760589558632766878171540458953514382464234321326889464182768467546703537516986049910576551282076245490090389328944075868508455133942304583236903222948165808559332123348274797826204144723168738177180919299881250404026184124858368 秒
09-18 14:11:33 回到前台 frame={{0, 0}, {430, 932}} bounds={{0, 0}, {430, 932}} transform=[1, 0, 0, 1, 0, 0] host={{0, 0}, {430, 932}} 展开=0
09-18 14:11:34 触摸命中 IPATFbWindow frame={{0, 0}, {430, 932}} hidden=0 alpha=1.00
09-18 14:11:37 触摸命中 IPATFbWindow frame={{0, 0}, {932, 430}} hidden=0 alpha=1.00
09-18 14:11:40 后台任务续期，剩余时间约 179769313486231570814527423731704356798070567525844996598917476803157260780028538760589558632766878171540458953514382464234321326889464182768467546703537516986049910576551282076245490090389328944075868508455133942304583236903222948165808559332123348274797826204144723168738177180919299881250404026184124858368 秒
09-18 14:11:41 回到前台 frame={{0, 0}, {932, 430}} bounds={{0, 0}, {932, 430}} transform=[1, 0, 0, 1, 0, 0] host={{0, 0}, {932, 430}} 展开=0
09-18 14:11:42 触摸命中 IPATFbWindow frame={{0, 0}, {932, 430}} hidden=0 alpha=1.00
09-18 14:11:43 后台任务续期，剩余时间约 6 秒
09-18 14:11:47 启用保活：silentAudio=1 renew=1 location=0 fetch=0 processing=0
09-18 14:11:47 静音保活音频已开始循环播放
09-18 14:11:47 功能已注册: keepalive
09-18 14:11:47 功能已注册: files
09-18 14:11:47 文件导入导出已就绪（导入目录：Documents）
09-18 14:11:48 悬浮窗已创建 frame={{0, 0}, {932, 430}} bounds={{0, 0}, {932, 430}} center={466, 215} transform=[1, 0, 0, 1, 0, 0] host={{0, 0}, {932, 430}}
09-18 14:11:48 回到前台 frame={{0, 0}, {932, 430}} bounds={{0, 0}, {932, 430}} transform=[1, 0, 0, 1, 0, 0] host={{0, 0}, {932, 430}} 展开=0
09-18 14:11:49 触摸命中 UIView frame={{113.48000000000002, 77.557000000000002}, {34, 34}} hidden=0 alpha=1.00 交互=1
09-18 14:11:51 动作行被点击: files.browse
09-18 14:11:51 悬浮窗临时隐藏
09-18 14:11:54 触摸命中 UITableViewCellContentView frame={{59, 0}, {736, 52}} hidden=0 alpha=1.00
09-18 14:11:58 触摸命中 UITableViewCellContentView frame={{59, 0}, {814, 52}} hidden=0 alpha=1.00
09-18 14:12:01 触摸命中 _UIButtonBarButton frame={{0, 0}, {65, 44}} hidden=0 alpha=1.00
09-18 14:12:01 开始导出 1 项：(
    "/var/mobile/Containers/Data/Application/480566CE-07B9-4708-9B05-6DC855F1DC3B/Documents/Data/Application/67A60B7A-25FB-4530-833B-B155C61126E9/Documents/ipatool.log"
)
